// Jest Snapshot v1, https://goo.gl/fbAQLP

exports[`UserNavItem simple 1`] = `
<div
  class="py-0 btn-group"
>
  <a
    aria-expanded="false"
    aria-haspopup="true"
    class="bg-transparent d-flex align-items-center e2e-user-nav-item-toggle dropdown-toggle nav-link"
    href="#"
  >
    <strong>
      u
    </strong>
  </a>
  <div
    aria-hidden="true"
    class="user-nav-item__dropdown-menu dropdown-menu dropdown-menu-right"
    role="menu"
    tabindex="-1"
  >
    <h6
      class="py-1 dropdown-header"
      tabindex="-1"
    >
      Signed in as 
      <strong>
        @u
      </strong>
    </h6>
    <div
      class="dropdown-divider"
      tabindex="-1"
    />
    <a
      class="dropdown-item"
      href="/u/settings"
    >
      Settings
    </a>
    <a
      class="dropdown-item"
      href="/extensions"
    >
      Extensions
    </a>
    <a
      class="dropdown-item"
      href="/users/u/searches"
    >
      Saved searches
    </a>
    <div
      class="dropdown-divider"
      tabindex="-1"
    />
    <div
      class="px-2 py-1"
    >
      <div
        class="d-flex align-items-center"
      >
        <div
          class="mr-2"
        >
          Theme
        </div>
        <select
          class="custom-select custom-select-sm e2e-theme-toggle"
        >
          <option
            selected=""
            value="light"
          >
            Light
          </option>
          <option
            value="dark"
          >
            Dark
          </option>
          <option
            value="system"
          >
            System
          </option>
        </select>
      </div>
    </div>
    <div
      class="dropdown-divider"
      tabindex="-1"
    />
    <h6
      class="dropdown-header"
      tabindex="-1"
    >
      Organizations
    </h6>
    <a
      class="dropdown-item"
      href="/u"
    >
      d
    </a>
    <a
      class="dropdown-item"
      href="/u"
    >
      n
    </a>
    <div
      class="dropdown-divider"
      tabindex="-1"
    />
    <a
      class="dropdown-item"
      href="https://docs.sourcegraph.com"
      target="_blank"
    >
      Help
    </a>
    <div
      class="dropdown-divider"
      tabindex="-1"
    />
    <a
      class="dropdown-item"
      href="https://about.sourcegraph.com"
      target="_blank"
    >
      About Sourcegraph
    </a>
  </div>
</div>
`;
